[andreacolosiosound.com/en/index.html]
[andreacolosiosound.com/img/logos/andrea-colosio-1200x627.jpg]
[andreacolosiosound.com/img/favicon/apple-touch-icon.png]
[andreacolosiosound.com/img/favicon/favicon-32x32.png]
[andreacolosiosound.com/img/favicon/favicon-16x16.png]
[backblue.gif]
[fade.gif]
[index.html]
[andreacolosiosound.com/css/style.min.css]
[andreacolosiosound.com/en/works/index.html]
[andreacolosiosound.com/en/about/index.html]
[andreacolosiosound.com/en/what-i-do/index.html]
[andreacolosiosound.com/en/news/index.html]
[images.ctfassets.net/x66g2wq4vwn7/6ybKU4O8ty6kvdBWhVW4zj/2e518833777fa198987edfb330b46915/news-rolling-sound.jpg]
[andreacolosiosound.com/en/contact/index.html]
[andreacolosiosound.com/en/index.html]
[code.jquery.com/jquery-3.5.1.min.js]
[andreacolosiosound.com/js/script.min.js]
[andreacolosiosound.com/img/icons/dd-arrow.png]
[andreacolosiosound.com/img/icons/arrows.png]
[andreacolosiosound.com/img/icons/close.png]
[andreacolosiosound.com/css/style.min.css]
[images.ctfassets.net/x66g2wq4vwn7/1EgiouSDl6ec22Y8kSqyEw/2620a4ed6e93f892240e68d06bd1440d/demo-reel.jpg]
[images.ctfassets.net/x66g2wq4vwn7/4ATXZR0BOtcUKBFIyu6PIq/f9ff89f812ab26d174d09a5c468fe168/work-mind-the-gap-cover.jpg]
[images.ctfassets.net/x66g2wq4vwn7/2fGP2X50Hicnd4jipWRxDC/e2d920f4ee22200e99c09d87bdcf2336/work-not-what-i-am-cover.jpg]
[images.ctfassets.net/x66g2wq4vwn7/14wrpcTI4gJRGMtUVV3w1r/bef0f6d8ae7e0cbe5714fde8618e24a3/work-seedling-cover.jpg]
[images.ctfassets.net/x66g2wq4vwn7/6zAg2ixxzz4ykELryJYCK2/4b9d3f06f4fa84b0a588898914791ff3/work-349320059.jpg]
[images.ctfassets.net/x66g2wq4vwn7/4yDfxr9dUIS0iQoCqoUy2S/342ed226978e8f1f410918279b6e8472/looking-around.jpg]
[images.ctfassets.net/x66g2wq4vwn7/2DjqOMIRkU40oEK8MugIeA/e8f867c1e69a223afd6350afeff5f8cb/hzd.jpg]
[images.ctfassets.net/x66g2wq4vwn7/6hy7YZiNNuOWWeWWq2IqoE/6b53f9b2a56c358220e1cc00708ff244/inn.jpg]
[images.ctfassets.net/x66g2wq4vwn7/1UNjFuU6qIs0ACKAESEkqO/f3e5008cb1bb791bc9dba74708d38c2c/nfs.jpg]
[images.ctfassets.net/x66g2wq4vwn7/XrzinuS12MMeYAo6MAc0O/3c3ce240f47e7687cb8aad838d1ebd58/TetoBreakdown_Cover.jpg]
[images.ctfassets.net/x66g2wq4vwn7/4a67fx7BIsw2YiCyemeuCM/16703fae990cb973a474ca98af7f3212/DynamicDialogue_Cover.jpg]
[images.ctfassets.net/x66g2wq4vwn7/4WPMRMR5JK64aIWGMIe684/d6ca6ce50fabb14f433295a3b5adde25/Teto_Cover.jpg]
[images.ctfassets.net/x66g2wq4vwn7/1GhtgVHfmkUsCoAwuS0kaM/89d7bc3e027961f2b4742cbcc766fa57/CarChase_Cover.jpg]
[images.ctfassets.net/x66g2wq4vwn7/3NnLJQxaWIOOsMk6S4Ggke/4c051c860bcb04504d113577ccb370ac/CitySoundscape_Cover.jpg]
[images.ctfassets.net/x66g2wq4vwn7/5Nd2n5RIAwkWKKMA0QY22k/8ea8985515ea8b1878c2cfe043a5c49d/shutter.jpg]
[images.ctfassets.net/x66g2wq4vwn7/1XCxcetDiYmGkKKkMG62E2/5b71f5801a412586dca229ceafafc621/te-fire.jpg]
[images.ctfassets.net/x66g2wq4vwn7/14hoAOFgJkACg8K60iCAeK/48bdad0e8258edcd20163e96fbb51e74/MusicMachine_Cover.jpg]
[images.ctfassets.net/x66g2wq4vwn7/553yg5k6cocSsY86MSkaiE/a1b219da2185dca322c3d717c0f9aa35/work-204837972.jpg]
[andreacolosiosound.com/en/works/index.html]
[images.ctfassets.net/x66g2wq4vwn7/2LoiYu6Jryw8WASueciMSA/c567f588f18496d189b203d0a88a2466/andrea.jpg]
[images.ctfassets.net/x66g2wq4vwn7/lnW8CA0z3u7MYZZ8dTnkZ/3aba7971f063b110d083bda943e59d40/about-mutatio-bts-1.jpg]
[images.ctfassets.net/x66g2wq4vwn7/6kPRVImybGnyOkUGfj8mOf/3138e3a7a3a2a8dff79ccc200cd20012/about-mutatio-bts-2.jpg]
[images.ctfassets.net/x66g2wq4vwn7/5BMzrxGleDnyQCM2AIgCqQ/cf9a26aeefcd289b001d87e39ae3086b/about-mutatio-bts-3.jpg]
[images.ctfassets.net/x66g2wq4vwn7/1ZIyHTuHZX2GTOkNqKL43L/6fa54cbae2e3d2c808c2c385cc68dcc4/about-mutatio-bts-4.jpg]
[images.ctfassets.net/x66g2wq4vwn7/3yAFCmavPPegeLRpUkibA5/97977a5afcb2235218975999495a564d/about-mutatio-bts-5.jpg]
[images.ctfassets.net/x66g2wq4vwn7/2Rl47f3jcL0rTFME9xbTwf/94db0a2918ae1a6e2a3826bdb73cb6e9/seedling-bts-1.jpg]
[images.ctfassets.net/x66g2wq4vwn7/39UKj8qW5er8f6cAOuD8Hv/457d8edf1b249db49ff445ee59214bce/seedling-bts-2.jpg]
[images.ctfassets.net/x66g2wq4vwn7/rDhnB9euvHpegDHrLbp4n/e229821e055633502ac163e926f750ca/seedling-bts-3.jpg]
[images.ctfassets.net/x66g2wq4vwn7/2qJduADZitMDTNLS9nYmix/150d55f22b043f80a4a6c885ffc9cbd2/seedling-bts-4.jpg]
[images.ctfassets.net/x66g2wq4vwn7/4uSeozpIh2GeoK4SKuu0Mg/6561f8d3a0cc88b22eabdbda8eb56add/andrea-beach.jpg]
[images.ctfassets.net/x66g2wq4vwn7/3pHHCFlxT24mW6CaA4uSGO/218fa123f0f308673b68980b8669de48/andrea-studio.jpg]
[images.ctfassets.net/x66g2wq4vwn7/3sMTBuuqPYsw2OsywYWSiK/967f58e510048015570ea2bf5fd7625c/andrea-and-sofia.jpg]
[images.ctfassets.net/x66g2wq4vwn7/aLCmBH5doOQsWgogWiuIM/b42168414eae6b2d09a3b0b2548699bb/microphone-garden.jpg]
[images.ctfassets.net/x66g2wq4vwn7/40EdDRXdawE4IYcKE06s4w/b667bff12b277e06648575db7593caac/microphone-street.jpg]
[images.ctfassets.net/x66g2wq4vwn7/3NKEWtegMMy8cuKk8Ykqgq/50f8742a0f1ec7fd83ebc9cc1be2f85b/microphone-bike.jpg]
[images.ctfassets.net/x66g2wq4vwn7/YAX7gRwciyguuMiCmSCeM/2fd289358a062eac7768d069be8733e9/school-group.jpg]
[images.ctfassets.net/x66g2wq4vwn7/15MAqCXb50icKQmKs46CMS/165f3c68696c6bf3dd14fad14efc2550/on-set-1.jpg]
[images.ctfassets.net/x66g2wq4vwn7/2NqaoPjnaguKCgGYoyWsWU/66fee6a47ca4028e8fad750884bd737e/on-set-2.jpg]
[images.ctfassets.net/x66g2wq4vwn7/7mIGiRZlfyW6wuOOcaymiQ/30c91bd536b586d86d7c3586acd59b2e/on-set-3.jpg]
[images.ctfassets.net/x66g2wq4vwn7/6d3pLqUzlKEsSKCWy4sg4i/6a938c7edc34eaa17156811f40005be6/on-set-4.jpg]
[images.ctfassets.net/x66g2wq4vwn7/7LdkDK8EYFmwVc4IT38f8A/44de17f3b6fa8829e2e5cfef1be1591e/about-bts-1.jpg]
[images.ctfassets.net/x66g2wq4vwn7/3OmgtzcrEzaUT3jhta29uz/0da3102e2bbb0a9507768b6f67762459/about-bts-2.jpg]
[images.ctfassets.net/x66g2wq4vwn7/7dk6XhEOiOndFJLesbhLiz/bd57d6b4f69416637705ae62950ce532/about-bts-3.jpg]
[images.ctfassets.net/x66g2wq4vwn7/48WeDDTFZ0oQwcG6gYhZ0D/5cb319e8635afeba64d9e6e6796002c9/about-bts-4.jpg]
[images.ctfassets.net/x66g2wq4vwn7/1OTMBzSBZUPafuisJs4ItT/8f3c369646269203ef91f6242b3ab0c9/about-bts-5.jpg]
[images.ctfassets.net/x66g2wq4vwn7/4Be1sxlAExZQop55WByVKi/bcbfa539a724451bd8685ca27eec28a5/about-bts-6.jpg]
[images.ctfassets.net/x66g2wq4vwn7/583HSvru12s0MR3pZr3rl5/15f40526ff9e9fe50acb737a79d4f636/about-bts-7.jpg]
[andreacolosiosound.com/en/about/index.html]
[andreacolosiosound.com/en/what-i-do/index.html]
[images.ctfassets.net/x66g2wq4vwn7/7cEuLFeaJNLRERzcAicquQ/9e5c1a9a44744ca3f74205ed27f81d7b/news-mind-the-gap-its-a-wrap.jpg]
[images.ctfassets.net/x66g2wq4vwn7/63oWhbcWw7KMbFPpHiKvCS/923b60354525ffcf03ed1d5ef82358b5/news-mind-the-gap-is-coming.jpg]
[images.ctfassets.net/x66g2wq4vwn7/64cGgGbY8smVDcWSPM1c8l/d0f1ec8ffc326fb31432a92e2e428db9/news-seedling-at-montecatini.jpg]
[images.ctfassets.net/x66g2wq4vwn7/4BYjOYhsrI250J4l97nXku/0c351c5469d52170199b442cac47f8b5/seedling-new-selection.jpg]
[images.ctfassets.net/x66g2wq4vwn7/5XzAEwPljTfcwO2Wec1aHz/75b1b709e29f7f07262b851e21431cb4/and-the-winner-is.jpg]
[images.ctfassets.net/x66g2wq4vwn7/43ND9IKj2xD0rNmq4bX3h6/01b67944400f1f15f02356ac2490509c/seedling-first-nominations.jpg]
[images.ctfassets.net/x66g2wq4vwn7/dgtPLdD8hdD8VsK8fPrsq/451aeae0b5bc4351f4846e05b37eaa59/new-equipment-for-the-new-studio.jpg]
[images.ctfassets.net/x66g2wq4vwn7/2yVmc1zrxTQvLTTVckrdVU/7ff1c438ce0a59bed2d7f8db4f817173/seedling-is-over.jpg]
[images.ctfassets.net/x66g2wq4vwn7/2plGGvQSCixCVTZU32k3Cq/d53e3c868a1ca7fbbe635a96fbdf26c7/mind-the-gap-its-a-wrap.jpg]
[images.ctfassets.net/x66g2wq4vwn7/g9kPrLxW7Gmjxt55vtH4Q/6363fd41a569f90a924405ca7e6c5b80/seedling-its-a-wrap.jpg]
[images.ctfassets.net/x66g2wq4vwn7/4bhJOLub9eeaqkgMW4WM0W/2e3590ab6e3b126498c11eb80445a98d/2018-01-09-another-package.jpg]
[images.ctfassets.net/x66g2wq4vwn7/hnGDIB3nKE2UOiGyemgEk/3878474618f6274a167f24da0086410c/new-equipment.jpg]
[images.ctfassets.net/x66g2wq4vwn7/6PBZ1BbNGEGq8YiSwoIiQc/3f77e16abba045185799b24e1c9a7b04/graduation-day.jpg]
[images.ctfassets.net/x66g2wq4vwn7/2ajJEnu4liK8Y2mG8kSIME/7f1a90df2ec93978fa271ea689e89d49/almost-over.jpg]
[images.ctfassets.net/x66g2wq4vwn7/3SKHXClB56em064g6ugEIo/49ecb1c151c0bd5d35b1d68f9f2ea5b7/new-gear.jpg]
[andreacolosiosound.com/en/news/index.html]
[andreacolosiosound.com/en/contact/index.html]
